---
source: packages/compiler/src/lib.rs
expression: "format!(\"{:?}\", test_ast.source)"
---
"let x = 42"
